2026-08-07 04:24:43 | INFO     | app.ingestion.document_metadata | Loading product catalog from: /app/data/product_catalog.json
=== INGESTION START ===
Data directory: /app/data/raw
Recreate collection: False
Dry run mode: True
--------------------------------------------------
2026-08-07 04:24:43 | INFO     | app.ingestion.ingest_service | Found 11 DOCX files in /app/data/raw
2026-08-07 04:24:43 | INFO     | app.ingestion.ingest_service | Document 1/11: 01_Cam_bien_hien_dien_RAG_v3.docx
2026-08-07 04:24:43 | INFO     | app.ingestion.docx_loader | Loading DOCX: 01_Cam_bien_hien_dien_RAG_v3.docx
2026-08-07 04:24:43 | INFO     | httpx | HTTP Request: GET http://qdrant-recovery:6333 "HTTP/1.1 200 OK"
2026-08-07 04:24:43 | INFO     | app.ingestion.docx_loader | Loaded 91 elements from 01_Cam_bien_hien_dien_RAG_v3.docx
2026-08-07 04:24:43 | INFO     | app.ingestion.ingest_service | Chunks generated for 01_Cam_bien_hien_dien_RAG_v3.docx: 37
2026-08-07 04:24:43 | INFO     | app.ingestion.ingest_service | Document 2/11: 03_Cam_bien_chuyen_dong_anh_sang_RAG_v3.docx
2026-08-07 04:24:43 | INFO     | app.ingestion.docx_loader | Loading DOCX: 03_Cam_bien_chuyen_dong_anh_sang_RAG_v3.docx
2026-08-07 04:24:43 | INFO     | app.ingestion.docx_loader | Loaded 66 elements from 03_Cam_bien_chuyen_dong_anh_sang_RAG_v3.docx
2026-08-07 04:24:43 | INFO     | app.ingestion.ingest_service | Chunks generated for 03_Cam_bien_chuyen_dong_anh_sang_RAG_v3.docx: 26
2026-08-07 04:24:43 | INFO     | app.ingestion.ingest_service | Document 3/11: 04_Bo_dieu_khien_hong_ngoai_RAG_v3.docx
2026-08-07 04:24:43 | INFO     | app.ingestion.docx_loader | Loading DOCX: 04_Bo_dieu_khien_hong_ngoai_RAG_v3.docx
2026-08-07 04:24:43 | INFO     | app.ingestion.docx_loader | Loaded 86 elements from 04_Bo_dieu_khien_hong_ngoai_RAG_v3.docx
2026-08-07 04:24:43 | INFO     | app.ingestion.ingest_service | Chunks generated for 04_Bo_dieu_khien_hong_ngoai_RAG_v3.docx: 37
2026-08-07 04:24:43 | INFO     | app.ingestion.ingest_service | Document 4/11: 05_Dong_co_rem_RAG_v3.docx
2026-08-07 04:24:43 | INFO     | app.ingestion.docx_loader | Loading DOCX: 05_Dong_co_rem_RAG_v3.docx
2026-08-07 04:24:43 | INFO     | app.ingestion.docx_loader | Loaded 84 elements from 05_Dong_co_rem_RAG_v3.docx
2026-08-07 04:24:43 | INFO     | app.ingestion.ingest_service | Chunks generated for 05_Dong_co_rem_RAG_v3.docx: 36
2026-08-07 04:24:43 | INFO     | app.ingestion.ingest_service | Document 5/11: 06_Cong_to_giam_sat_dien_RAG_v3.docx
2026-08-07 04:24:43 | INFO     | app.ingestion.docx_loader | Loading DOCX: 06_Cong_to_giam_sat_dien_RAG_v3.docx
2026-08-07 04:24:43 | INFO     | app.ingestion.docx_loader | Loaded 85 elements from 06_Cong_to_giam_sat_dien_RAG_v3.docx
2026-08-07 04:24:43 | INFO     | app.ingestion.ingest_service | Chunks generated for 06_Cong_to_giam_sat_dien_RAG_v3.docx: 35
2026-08-07 04:24:43 | INFO     | app.ingestion.ingest_service | Document 6/11: 07_Cong_tac_chong_giat_BNN_RAG_v3.docx
2026-08-07 04:24:43 | INFO     | app.ingestion.docx_loader | Loading DOCX: 07_Cong_tac_chong_giat_BNN_RAG_v3.docx
2026-08-07 04:24:43 | INFO     | app.ingestion.docx_loader | Loaded 106 elements from 07_Cong_tac_chong_giat_BNN_RAG_v3.docx
2026-08-07 04:24:43 | INFO     | app.ingestion.ingest_service | Chunks generated for 07_Cong_tac_chong_giat_BNN_RAG_v3.docx: 47
2026-08-07 04:24:43 | INFO     | app.ingestion.ingest_service | Document 7/11: 08_Cong_tac_cua_cuon_cua_cong_V2_RAG_v3.docx
2026-08-07 04:24:43 | INFO     | app.ingestion.docx_loader | Loading DOCX: 08_Cong_tac_cua_cuon_cua_cong_V2_RAG_v3.docx
2026-08-07 04:24:43 | INFO     | app.ingestion.docx_loader | Loaded 153 elements from 08_Cong_tac_cua_cuon_cua_cong_V2_RAG_v3.docx
2026-08-07 04:24:43 | INFO     | app.ingestion.ingest_service | Chunks generated for 08_Cong_tac_cua_cuon_cua_cong_V2_RAG_v3.docx: 67
2026-08-07 04:24:43 | INFO     | app.ingestion.ingest_service | Document 8/11: 09_Gateway_RAG_v3.docx
2026-08-07 04:24:43 | INFO     | app.ingestion.docx_loader | Loading DOCX: 09_Gateway_RAG_v3.docx
2026-08-07 04:24:43 | INFO     | app.ingestion.docx_loader | Loaded 91 elements from 09_Gateway_RAG_v3.docx
2026-08-07 04:24:43 | INFO     | app.ingestion.ingest_service | Chunks generated for 09_Gateway_RAG_v3.docx: 38
2026-08-07 04:24:43 | INFO     | app.ingestion.ingest_service | Document 9/11: 10_Khoa_dien_tu_RAG_v3.docx
2026-08-07 04:24:43 | INFO     | app.ingestion.docx_loader | Loading DOCX: 10_Khoa_dien_tu_RAG_v3.docx
2026-08-07 04:24:43 | INFO     | app.ingestion.docx_loader | Loaded 159 elements from 10_Khoa_dien_tu_RAG_v3.docx
2026-08-07 04:24:43 | INFO     | app.ingestion.ingest_service | Chunks generated for 10_Khoa_dien_tu_RAG_v3.docx: 67
2026-08-07 04:24:43 | INFO     | app.ingestion.ingest_service | Document 10/11: 11_Cong_tac_dimmer_RAG_v3.docx
2026-08-07 04:24:43 | INFO     | app.ingestion.docx_loader | Loading DOCX: 11_Cong_tac_dimmer_RAG_v3.docx
2026-08-07 04:24:43 | INFO     | app.ingestion.docx_loader | Loaded 98 elements from 11_Cong_tac_dimmer_RAG_v3.docx
2026-08-07 04:24:43 | INFO     | app.ingestion.ingest_service | Chunks generated for 11_Cong_tac_dimmer_RAG_v3.docx: 42
2026-08-07 04:24:43 | INFO     | app.ingestion.ingest_service | Document 11/11: 12_Cong_tac_thong_minh_V2_RAG_v3.docx
2026-08-07 04:24:43 | INFO     | app.ingestion.docx_loader | Loading DOCX: 12_Cong_tac_thong_minh_V2_RAG_v3.docx
2026-08-07 04:24:43 | INFO     | app.ingestion.docx_loader | Loaded 104 elements from 12_Cong_tac_thong_minh_V2_RAG_v3.docx
2026-08-07 04:24:43 | INFO     | app.ingestion.ingest_service | Chunks generated for 12_Cong_tac_thong_minh_V2_RAG_v3.docx: 46
2026-08-07 04:24:43 | INFO     | app.ingestion.ingest_service | [DRY RUN] Preview saved to data/processed/preview_chunks.json
--------------------------------------------------
=== INGESTION RESULTS ===
Files processed: 11
Chunks generated: 478
Chunks skipped: 0

Document Breakdown:
  - 01_Cam_bien_hien_dien_RAG_v3.docx: 91 elements -> 37 chunks
  - 03_Cam_bien_chuyen_dong_anh_sang_RAG_v3.docx: 66 elements -> 26 chunks
  - 04_Bo_dieu_khien_hong_ngoai_RAG_v3.docx: 86 elements -> 37 chunks
  - 05_Dong_co_rem_RAG_v3.docx: 84 elements -> 36 chunks
  - 06_Cong_to_giam_sat_dien_RAG_v3.docx: 85 elements -> 35 chunks
  - 07_Cong_tac_chong_giat_BNN_RAG_v3.docx: 106 elements -> 47 chunks
  - 08_Cong_tac_cua_cuon_cua_cong_V2_RAG_v3.docx: 153 elements -> 67 chunks
  - 09_Gateway_RAG_v3.docx: 91 elements -> 38 chunks
  - 10_Khoa_dien_tu_RAG_v3.docx: 159 elements -> 67 chunks
  - 11_Cong_tac_dimmer_RAG_v3.docx: 98 elements -> 42 chunks
  - 12_Cong_tac_thong_minh_V2_RAG_v3.docx: 104 elements -> 46 chunks

Preview JSON path: data/processed/preview_chunks.json

✅ Status: SUCCESS (0 errors)
=========================
